// Jest Snapshot v1, https://goo.gl/fbAQLP

exports[`ProductCard specs It should display all the properties need by the component 1`] = `
<DocumentFragment>
  <div
    class="productCard undefined"
  >
    <div
      class="productCardContainer"
    >
      <span
        style="box-sizing: border-box; display: block; overflow: hidden; background: none; opacity: 1; border: 0px; margin: 0px; padding: 0px; position: relative;"
      >
        <span
          style="box-sizing: border-box; display: block; background: none; opacity: 1; border: 0px; margin: 0px; padding: 100% 0px 0px 0px;"
        />
        <img
          alt="Polo manga corta estampada"
          data-nimg="responsive"
          decoding="async"
          sizes="100vw"
          src="/_next/image?url=https%3A%2F%2Fjson.ctrlj.es%2Fmayoral%2Fimg%2Fpolo-azul-marino.jpg&w=3840&q=75"
          srcset="/_next/image?url=https%3A%2F%2Fjson.ctrlj.es%2Fmayoral%2Fimg%2Fpolo-azul-marino.jpg&w=640&q=75 640w, /_next/image?url=https%3A%2F%2Fjson.ctrlj.es%2Fmayoral%2Fimg%2Fpolo-azul-marino.jpg&w=750&q=75 750w, /_next/image?url=https%3A%2F%2Fjson.ctrlj.es%2Fmayoral%2Fimg%2Fpolo-azul-marino.jpg&w=828&q=75 828w, /_next/image?url=https%3A%2F%2Fjson.ctrlj.es%2Fmayoral%2Fimg%2Fpolo-azul-marino.jpg&w=1080&q=75 1080w, /_next/image?url=https%3A%2F%2Fjson.ctrlj.es%2Fmayoral%2Fimg%2Fpolo-azul-marino.jpg&w=1200&q=75 1200w, /_next/image?url=https%3A%2F%2Fjson.ctrlj.es%2Fmayoral%2Fimg%2Fpolo-azul-marino.jpg&w=1920&q=75 1920w, /_next/image?url=https%3A%2F%2Fjson.ctrlj.es%2Fmayoral%2Fimg%2Fpolo-azul-marino.jpg&w=2048&q=75 2048w, /_next/image?url=https%3A%2F%2Fjson.ctrlj.es%2Fmayoral%2Fimg%2Fpolo-azul-marino.jpg&w=3840&q=75 3840w"
          style="position: absolute; top: 0px; left: 0px; bottom: 0px; right: 0px; box-sizing: border-box; padding: 0px; margin: auto; display: block; width: 0px; height: 0px; min-width: 100%; max-width: 100%; min-height: 100%; max-height: 100%;"
        />
      </span>
      <h2
        class="productName"
      >
        Polo manga corta estampada
      </h2>
      <div
        class="productCardBody"
      >
        <p
          class="oldPrice"
        >
          18.99
        </p>
        <p
          class="priceWithDiscount"
        >
          15.19 
          <span>
            (-20%)
          </span>
        </p>
        <p
          class="colors"
        >
          más colores
        </p>
      </div>
      <button>
        Añadir
      </button>
    </div>
  </div>
</DocumentFragment>
`;
